// Jest Snapshot v1, https://goo.gl/fbAQLP

exports[`createMockingComponent 1`] = `
<div>
  MockingComponent {"prop1":"value1"}
</div>
`;
