// Jest Snapshot v1, https://goo.gl/fbAQLP

exports[`Component: StaticPage should render component 1`] = `
<div
  className="container"
>
  <div
    className="row"
  >
    <div
      className="col-md-12"
    >
      <h1>
        Static Page
      </h1>
      <ForwardRef(LinkComponent)
        href="/"
      >
        <a>
          Back to Home page
        </a>
      </ForwardRef(LinkComponent)>
    </div>
  </div>
</div>
`;
